{
  "version": "1.5.0",
  "plugins_used": [
    {
      "name": "ArtifactoryDetector"
    },
    {
      "name": "AWSKeyDetector"
    },
    {
      "name": "AzureStorageKeyDetector"
    },
    {
      "name": "Base64HighEntropyString",
      "limit": 4.5
    },
    {
      "name": "BasicAuthDetector"
    },
    {
      "name": "CloudantDetector"
    },
    {
      "name": "DiscordBotTokenDetector"
    },
    {
      "name": "GitHubTokenDetector"
    },
    {
      "name": "GitLabTokenDetector"
    },
    {
      "name": "HexHighEntropyString",
      "limit": 3.0
    },
    {
      "name": "IbmCloudIamDetector"
    },
    {
      "name": "IbmCosHmacDetector"
    },
    {
      "name": "IPPublicDetector"
    },
    {
      "name": "JwtTokenDetector"
    },
    {
      "name": "KeywordDetector",
      "keyword_exclude": ""
    },
    {
      "name": "MailchimpDetector"
    },
    {
      "name": "NpmDetector"
    },
    {
      "name": "OpenAIDetector"
    },
    {
      "name": "PrivateKeyDetector"
    },
    {
      "name": "PypiTokenDetector"
    },
    {
      "name": "SendGridDetector"
    },
    {
      "name": "SlackDetector"
    },
    {
      "name": "SoftlayerDetector"
    },
    {
      "name": "SquareOAuthDetector"
    },
    {
      "name": "StripeDetector"
    },
    {
      "name": "TelegramBotTokenDetector"
    },
    {
      "name": "TwilioKeyDetector"
    }
  ],
  "filters_used": [
    {
      "path": "detect_secrets.filters.allowlist.is_line_allowlisted"
    },
    {
      "path": "detect_secrets.filters.common.is_baseline_file",
      "filename": ".secrets.baseline"
    },
    {
      "path": "detect_secrets.filters.common.is_ignored_due_to_verification_policies",
      "min_level": 2
    },
    {
      "path": "detect_secrets.filters.heuristic.is_indirect_reference"
    },
    {
      "path": "detect_secrets.filters.heuristic.is_likely_id_string"
    },
    {
      "path": "detect_secrets.filters.heuristic.is_lock_file"
    },
    {
      "path": "detect_secrets.filters.heuristic.is_not_alphanumeric_string"
    },
    {
      "path": "detect_secrets.filters.heuristic.is_potential_uuid"
    },
    {
      "path": "detect_secrets.filters.heuristic.is_prefixed_with_dollar_sign"
    },
    {
      "path": "detect_secrets.filters.heuristic.is_sequential_string"
    },
    {
      "path": "detect_secrets.filters.heuristic.is_swagger_file"
    },
    {
      "path": "detect_secrets.filters.heuristic.is_templated_secret"
    }
  ],
  "results": {
    ".github/workflows/ci.yml": [
      {
        "type": "Secret Keyword",
        "filename": ".github/workflows/ci.yml",
        "hashed_secret": "1866a694e83a85ba2390325539a402cf7d126413",
        "is_verified": false,
        "line_number": 81,
        "is_secret": false
      },
      {
        "type": "Basic Auth Credentials",
        "filename": ".github/workflows/ci.yml",
        "hashed_secret": "1866a694e83a85ba2390325539a402cf7d126413",
        "is_verified": false,
        "line_number": 90,
        "is_secret": false
      }
    ],
    "eval/behavioral/cassettes/intent-classification.json": [
      {
        "type": "Hex High Entropy String",
        "filename": "eval/behavioral/cassettes/intent-classification.json",
        "hashed_secret": "31fc335f319c2e7f7ee18684845785585a0e0c2e",
        "is_verified": false,
        "line_number": 10,
        "is_secret": false
      },
      {
        "type": "Hex High Entropy String",
        "filename": "eval/behavioral/cassettes/intent-classification.json",
        "hashed_secret": "b0bded5cd5aad9cf8244cd9b9b35babb6ed6298c",
        "is_verified": false,
        "line_number": 23,
        "is_secret": false
      },
      {
        "type": "Hex High Entropy String",
        "filename": "eval/behavioral/cassettes/intent-classification.json",
        "hashed_secret": "7112a291f1b2360332504e158efe5918974ce352",
        "is_verified": false,
        "line_number": 36,
        "is_secret": false
      },
      {
        "type": "Hex High Entropy String",
        "filename": "eval/behavioral/cassettes/intent-classification.json",
        "hashed_secret": "2b8ea398bed089f70648ddb0103b962294004c3c",
        "is_verified": false,
        "line_number": 49,
        "is_secret": false
      },
      {
        "type": "Hex High Entropy String",
        "filename": "eval/behavioral/cassettes/intent-classification.json",
        "hashed_secret": "a51cb24b3bbf186c53f7f876a02022b2cb3bc3fc",
        "is_verified": false,
        "line_number": 62,
        "is_secret": false
      },
      {
        "type": "Hex High Entropy String",
        "filename": "eval/behavioral/cassettes/intent-classification.json",
        "hashed_secret": "5cb6d4a410e9c7444c063aa1ee2f585f05b6555a",
        "is_verified": false,
        "line_number": 75,
        "is_secret": false
      },
      {
        "type": "Hex High Entropy String",
        "filename": "eval/behavioral/cassettes/intent-classification.json",
        "hashed_secret": "0b7c27f88f12e0165eab9c158dbbc9cd19c5857e",
        "is_verified": false,
        "line_number": 88,
        "is_secret": false
      },
      {
        "type": "Hex High Entropy String",
        "filename": "eval/behavioral/cassettes/intent-classification.json",
        "hashed_secret": "a5c32074adb3b1f3128be4f82694f3ac54d5a915",
        "is_verified": false,
        "line_number": 101,
        "is_secret": false
      },
      {
        "type": "Hex High Entropy String",
        "filename": "eval/behavioral/cassettes/intent-classification.json",
        "hashed_secret": "1b775b778ba8280e34669ce247d8255df6743a1e",
        "is_verified": false,
        "line_number": 114,
        "is_secret": false
      },
      {
        "type": "Hex High Entropy String",
        "filename": "eval/behavioral/cassettes/intent-classification.json",
        "hashed_secret": "e2e537da3529ebc0613f64ab9af394bdda5c9893",
        "is_verified": false,
        "line_number": 127,
        "is_secret": false
      },
      {
        "type": "Hex High Entropy String",
        "filename": "eval/behavioral/cassettes/intent-classification.json",
        "hashed_secret": "14c41b7fe92a19e51e83fb5b7778d2e855a78550",
        "is_verified": false,
        "line_number": 140,
        "is_secret": false
      },
      {
        "type": "Hex High Entropy String",
        "filename": "eval/behavioral/cassettes/intent-classification.json",
        "hashed_secret": "24599cb17a67931ee92c6c00abc98bb7f8e3f4a1",
        "is_verified": false,
        "line_number": 153,
        "is_secret": false
      },
      {
        "type": "Hex High Entropy String",
        "filename": "eval/behavioral/cassettes/intent-classification.json",
        "hashed_secret": "d3803dfcc926a647f754b54f2b91cfccc8666700",
        "is_verified": false,
        "line_number": 166,
        "is_secret": false
      },
      {
        "type": "Hex High Entropy String",
        "filename": "eval/behavioral/cassettes/intent-classification.json",
        "hashed_secret": "b3349a12dee120360d113db3cd910ea87e56bd49",
        "is_verified": false,
        "line_number": 179,
        "is_secret": false
      },
      {
        "type": "Hex High Entropy String",
        "filename": "eval/behavioral/cassettes/intent-classification.json",
        "hashed_secret": "0375041f2796e68562bb4349375ca9c50a3f66cc",
        "is_verified": false,
        "line_number": 192,
        "is_secret": false
      },
      {
        "type": "Hex High Entropy String",
        "filename": "eval/behavioral/cassettes/intent-classification.json",
        "hashed_secret": "e533407507fc21fa7c4d0085639eb5b3dc0db050",
        "is_verified": false,
        "line_number": 205,
        "is_secret": false
      },
      {
        "type": "Hex High Entropy String",
        "filename": "eval/behavioral/cassettes/intent-classification.json",
        "hashed_secret": "217e5c9a650e5ccee67902d6bff347fee7667b76",
        "is_verified": false,
        "line_number": 218,
        "is_secret": false
      },
      {
        "type": "Hex High Entropy String",
        "filename": "eval/behavioral/cassettes/intent-classification.json",
        "hashed_secret": "cf8b35c850ec2139a20bb557c714ff8f12221a96",
        "is_verified": false,
        "line_number": 231,
        "is_secret": false
      },
      {
        "type": "Hex High Entropy String",
        "filename": "eval/behavioral/cassettes/intent-classification.json",
        "hashed_secret": "461907bd8fbba4021d12c17fc985ee76f6da7b59",
        "is_verified": false,
        "line_number": 244,
        "is_secret": false
      },
      {
        "type": "Hex High Entropy String",
        "filename": "eval/behavioral/cassettes/intent-classification.json",
        "hashed_secret": "1734474533c09989e41eaa09569ffdab8320efab",
        "is_verified": false,
        "line_number": 257,
        "is_secret": false
      },
      {
        "type": "Hex High Entropy String",
        "filename": "eval/behavioral/cassettes/intent-classification.json",
        "hashed_secret": "622c11199189c51cc4d462d2e9b15ecb32e438e2",
        "is_verified": false,
        "line_number": 270,
        "is_secret": false
      },
      {
        "type": "Hex High Entropy String",
        "filename": "eval/behavioral/cassettes/intent-classification.json",
        "hashed_secret": "16026d5ef66107e451e36e4dc459315ce11ea38d",
        "is_verified": false,
        "line_number": 283,
        "is_secret": false
      },
      {
        "type": "Hex High Entropy String",
        "filename": "eval/behavioral/cassettes/intent-classification.json",
        "hashed_secret": "f59942a6c9a997ae5a660af5acdb8f724281c436",
        "is_verified": false,
        "line_number": 296,
        "is_secret": false
      },
      {
        "type": "Hex High Entropy String",
        "filename": "eval/behavioral/cassettes/intent-classification.json",
        "hashed_secret": "846ee0e624e263953f1bdf70c19ab1e16d35fbec",
        "is_verified": false,
        "line_number": 309,
        "is_secret": false
      },
      {
        "type": "Hex High Entropy String",
        "filename": "eval/behavioral/cassettes/intent-classification.json",
        "hashed_secret": "3dd4079d9e38156a514cfba3c482ba49547ef67f",
        "is_verified": false,
        "line_number": 322,
        "is_secret": false
      },
      {
        "type": "Hex High Entropy String",
        "filename": "eval/behavioral/cassettes/intent-classification.json",
        "hashed_secret": "107757dba80bde542cec4b2620b4fdb9474d9a25",
        "is_verified": false,
        "line_number": 335,
        "is_secret": false
      },
      {
        "type": "Hex High Entropy String",
        "filename": "eval/behavioral/cassettes/intent-classification.json",
        "hashed_secret": "6b930f060b0f671ed94ba7021906f20e86b9b1de",
        "is_verified": false,
        "line_number": 348,
        "is_secret": false
      },
      {
        "type": "Hex High Entropy String",
        "filename": "eval/behavioral/cassettes/intent-classification.json",
        "hashed_secret": "6f2de348bd6005a2790c8cd41b916cdccfe32ac3",
        "is_verified": false,
        "line_number": 361,
        "is_secret": false
      },
      {
        "type": "Hex High Entropy String",
        "filename": "eval/behavioral/cassettes/intent-classification.json",
        "hashed_secret": "da738c83fdd93bf24f721287598c3f67dcb61b4b",
        "is_verified": false,
        "line_number": 374,
        "is_secret": false
      },
      {
        "type": "Hex High Entropy String",
        "filename": "eval/behavioral/cassettes/intent-classification.json",
        "hashed_secret": "10e66eb55d0f40790984908cc6e83a1ddaeec5d8",
        "is_verified": false,
        "line_number": 387,
        "is_secret": false
      },
      {
        "type": "Hex High Entropy String",
        "filename": "eval/behavioral/cassettes/intent-classification.json",
        "hashed_secret": "7bdc2206b3b48454f62e43b803ed87c69c4d051a",
        "is_verified": false,
        "line_number": 400,
        "is_secret": false
      },
      {
        "type": "Hex High Entropy String",
        "filename": "eval/behavioral/cassettes/intent-classification.json",
        "hashed_secret": "a74f02a816acd9a3b31ef4e8579eb3a11b34dc60",
        "is_verified": false,
        "line_number": 413,
        "is_secret": false
      },
      {
        "type": "Hex High Entropy String",
        "filename": "eval/behavioral/cassettes/intent-classification.json",
        "hashed_secret": "0ee9222ea69e3e5b4d7760bd0cbd51004c5a9043",
        "is_verified": false,
        "line_number": 426,
        "is_secret": false
      },
      {
        "type": "Hex High Entropy String",
        "filename": "eval/behavioral/cassettes/intent-classification.json",
        "hashed_secret": "e39c48b3450b3a9e3dae44ef36c7f228aad2ce2b",
        "is_verified": false,
        "line_number": 439,
        "is_secret": false
      },
      {
        "type": "Hex High Entropy String",
        "filename": "eval/behavioral/cassettes/intent-classification.json",
        "hashed_secret": "4e4acc7e804b1d36333c03ff786c4ced0718b9be",
        "is_verified": false,
        "line_number": 452,
        "is_secret": false
      },
      {
        "type": "Hex High Entropy String",
        "filename": "eval/behavioral/cassettes/intent-classification.json",
        "hashed_secret": "f162a3dfbf65a0307ffdbedf4445117f03d826cd",
        "is_verified": false,
        "line_number": 465,
        "is_secret": false
      },
      {
        "type": "Hex High Entropy String",
        "filename": "eval/behavioral/cassettes/intent-classification.json",
        "hashed_secret": "5e11e195b20c0e460e77110e9c193727a51c1cc6",
        "is_verified": false,
        "line_number": 478,
        "is_secret": false
      },
      {
        "type": "Hex High Entropy String",
        "filename": "eval/behavioral/cassettes/intent-classification.json",
        "hashed_secret": "96a04c5c2a77303f7f7640465934c55ba344a808",
        "is_verified": false,
        "line_number": 491,
        "is_secret": false
      },
      {
        "type": "Hex High Entropy String",
        "filename": "eval/behavioral/cassettes/intent-classification.json",
        "hashed_secret": "087b1f2ed35b90ce3f31443e2ca4c0d34b308937",
        "is_verified": false,
        "line_number": 504,
        "is_secret": false
      },
      {
        "type": "Hex High Entropy String",
        "filename": "eval/behavioral/cassettes/intent-classification.json",
        "hashed_secret": "29013972b4852ff2a9aa4e2b1da66dd39d5f0303",
        "is_verified": false,
        "line_number": 517,
        "is_secret": false
      },
      {
        "type": "Hex High Entropy String",
        "filename": "eval/behavioral/cassettes/intent-classification.json",
        "hashed_secret": "8e908aa6f6408027fe221880702b0e17e1ffa929",
        "is_verified": false,
        "line_number": 530,
        "is_secret": false
      },
      {
        "type": "Hex High Entropy String",
        "filename": "eval/behavioral/cassettes/intent-classification.json",
        "hashed_secret": "9c95bfb1f741b12fb787ce17f91a6db4afaecf87",
        "is_verified": false,
        "line_number": 543,
        "is_secret": false
      },
      {
        "type": "Hex High Entropy String",
        "filename": "eval/behavioral/cassettes/intent-classification.json",
        "hashed_secret": "44c88c505ddcb1b52c04f69583a7f1f06a4b261e",
        "is_verified": false,
        "line_number": 556,
        "is_secret": false
      },
      {
        "type": "Hex High Entropy String",
        "filename": "eval/behavioral/cassettes/intent-classification.json",
        "hashed_secret": "364b7a90366f474953ddbd36f1a92b23b7ff823b",
        "is_verified": false,
        "line_number": 569,
        "is_secret": false
      },
      {
        "type": "Hex High Entropy String",
        "filename": "eval/behavioral/cassettes/intent-classification.json",
        "hashed_secret": "19209e526550b17cf80c00214e4d001dcc4e0a0f",
        "is_verified": false,
        "line_number": 582,
        "is_secret": false
      },
      {
        "type": "Hex High Entropy String",
        "filename": "eval/behavioral/cassettes/intent-classification.json",
        "hashed_secret": "1ce25e74ce286391d7588e1ba7d2fbb982699d41",
        "is_verified": false,
        "line_number": 595,
        "is_secret": false
      },
      {
        "type": "Hex High Entropy String",
        "filename": "eval/behavioral/cassettes/intent-classification.json",
        "hashed_secret": "45c06df400c8594a7598f2ec7161d9d123758c3c",
        "is_verified": false,
        "line_number": 608,
        "is_secret": false
      },
      {
        "type": "Hex High Entropy String",
        "filename": "eval/behavioral/cassettes/intent-classification.json",
        "hashed_secret": "43221c55c77d341431ce5dc2aa9022ca50b2eefe",
        "is_verified": false,
        "line_number": 621,
        "is_secret": false
      },
      {
        "type": "Hex High Entropy String",
        "filename": "eval/behavioral/cassettes/intent-classification.json",
        "hashed_secret": "95cf07aeab826933bc22018d85b600c8f8af71be",
        "is_verified": false,
        "line_number": 634,
        "is_secret": false
      },
      {
        "type": "Hex High Entropy String",
        "filename": "eval/behavioral/cassettes/intent-classification.json",
        "hashed_secret": "3e0f96e3aafb9caa10953b6b082b235df0f64a6d",
        "is_verified": false,
        "line_number": 647,
        "is_secret": false
      },
      {
        "type": "Hex High Entropy String",
        "filename": "eval/behavioral/cassettes/intent-classification.json",
        "hashed_secret": "9f1aaf0d383eb06ec8b3fefc98f6ff48fcb7b457",
        "is_verified": false,
        "line_number": 660,
        "is_secret": false
      },
      {
        "type": "Hex High Entropy String",
        "filename": "eval/behavioral/cassettes/intent-classification.json",
        "hashed_secret": "6726c87596a835a49d677f9db9ada8b62274ffd6",
        "is_verified": false,
        "line_number": 673,
        "is_secret": false
      },
      {
        "type": "Hex High Entropy String",
        "filename": "eval/behavioral/cassettes/intent-classification.json",
        "hashed_secret": "57dc50b1036799c77cc836943dcaf3fd10217a74",
        "is_verified": false,
        "line_number": 686,
        "is_secret": false
      },
      {
        "type": "Hex High Entropy String",
        "filename": "eval/behavioral/cassettes/intent-classification.json",
        "hashed_secret": "d9fad0f6a1009c20c0a4b70dd62dc5150656bdf9",
        "is_verified": false,
        "line_number": 699,
        "is_secret": false
      },
      {
        "type": "Hex High Entropy String",
        "filename": "eval/behavioral/cassettes/intent-classification.json",
        "hashed_secret": "e502421e5e517bda56f32ccfc42094c1c1d51da4",
        "is_verified": false,
        "line_number": 712,
        "is_secret": false
      },
      {
        "type": "Hex High Entropy String",
        "filename": "eval/behavioral/cassettes/intent-classification.json",
        "hashed_secret": "f3efe7e44ff7661f600d7a97acbd5e354067fca2",
        "is_verified": false,
        "line_number": 725,
        "is_secret": false
      },
      {
        "type": "Hex High Entropy String",
        "filename": "eval/behavioral/cassettes/intent-classification.json",
        "hashed_secret": "270aec15cd3d676f65e4de44cab194d1560213ec",
        "is_verified": false,
        "line_number": 738,
        "is_secret": false
      },
      {
        "type": "Hex High Entropy String",
        "filename": "eval/behavioral/cassettes/intent-classification.json",
        "hashed_secret": "b523b490e0f1cb2b5dcd9c39f68eb49696cdb89b",
        "is_verified": false,
        "line_number": 751,
        "is_secret": false
      },
      {
        "type": "Hex High Entropy String",
        "filename": "eval/behavioral/cassettes/intent-classification.json",
        "hashed_secret": "fb6fcb94c3d6b1626a172d351050e663a2a1bce6",
        "is_verified": false,
        "line_number": 764,
        "is_secret": false
      },
      {
        "type": "Hex High Entropy String",
        "filename": "eval/behavioral/cassettes/intent-classification.json",
        "hashed_secret": "1177887e566489dfb6ff8ca890f1c98298a4f5c8",
        "is_verified": false,
        "line_number": 777,
        "is_secret": false
      },
      {
        "type": "Hex High Entropy String",
        "filename": "eval/behavioral/cassettes/intent-classification.json",
        "hashed_secret": "ff2d000cf06dfd30b7ec11d80f229aeb6b11dc96",
        "is_verified": false,
        "line_number": 790,
        "is_secret": false
      },
      {
        "type": "Hex High Entropy String",
        "filename": "eval/behavioral/cassettes/intent-classification.json",
        "hashed_secret": "818e23c0c101d03c685a41d357ab73c015456a8d",
        "is_verified": false,
        "line_number": 803,
        "is_secret": false
      },
      {
        "type": "Hex High Entropy String",
        "filename": "eval/behavioral/cassettes/intent-classification.json",
        "hashed_secret": "2dc674d9b38f762f6ae7745b155a16838c0698a1",
        "is_verified": false,
        "line_number": 816,
        "is_secret": false
      },
      {
        "type": "Hex High Entropy String",
        "filename": "eval/behavioral/cassettes/intent-classification.json",
        "hashed_secret": "49047d0f549903269a6b340eb4b63bd17557a6c3",
        "is_verified": false,
        "line_number": 829,
        "is_secret": false
      },
      {
        "type": "Hex High Entropy String",
        "filename": "eval/behavioral/cassettes/intent-classification.json",
        "hashed_secret": "5b2c5149572d0036ff97d5f32d06bd1746ea3877",
        "is_verified": false,
        "line_number": 842,
        "is_secret": false
      },
      {
        "type": "Hex High Entropy String",
        "filename": "eval/behavioral/cassettes/intent-classification.json",
        "hashed_secret": "88f39883a584cf19f7b02128ad9c3d56e122d8cb",
        "is_verified": false,
        "line_number": 855,
        "is_secret": false
      },
      {
        "type": "Hex High Entropy String",
        "filename": "eval/behavioral/cassettes/intent-classification.json",
        "hashed_secret": "761e0f6db0bd5d60dd608e635f1983f73060bf6d",
        "is_verified": false,
        "line_number": 868,
        "is_secret": false
      },
      {
        "type": "Hex High Entropy String",
        "filename": "eval/behavioral/cassettes/intent-classification.json",
        "hashed_secret": "26f0ef454fb07d9d4601632a417f1099c2f8164f",
        "is_verified": false,
        "line_number": 881,
        "is_secret": false
      },
      {
        "type": "Hex High Entropy String",
        "filename": "eval/behavioral/cassettes/intent-classification.json",
        "hashed_secret": "432ea7dae8e978a4be81cda6733a5591f08991a9",
        "is_verified": false,
        "line_number": 894,
        "is_secret": false
      },
      {
        "type": "Hex High Entropy String",
        "filename": "eval/behavioral/cassettes/intent-classification.json",
        "hashed_secret": "cb8e8eeb84eb1646bf2b31a393e9b9cf9910f3d1",
        "is_verified": false,
        "line_number": 907,
        "is_secret": false
      },
      {
        "type": "Hex High Entropy String",
        "filename": "eval/behavioral/cassettes/intent-classification.json",
        "hashed_secret": "ad74adadea3f090800a7d3ccbd7240555c6d8e9e",
        "is_verified": false,
        "line_number": 920,
        "is_secret": false
      },
      {
        "type": "Hex High Entropy String",
        "filename": "eval/behavioral/cassettes/intent-classification.json",
        "hashed_secret": "487858d198be7068cde45acf0372f8a75ef24e4a",
        "is_verified": false,
        "line_number": 933,
        "is_secret": false
      },
      {
        "type": "Hex High Entropy String",
        "filename": "eval/behavioral/cassettes/intent-classification.json",
        "hashed_secret": "1517924d6903bebd28f1ca7f49da833427fe5a7e",
        "is_verified": false,
        "line_number": 946,
        "is_secret": false
      },
      {
        "type": "Hex High Entropy String",
        "filename": "eval/behavioral/cassettes/intent-classification.json",
        "hashed_secret": "53c6f01c8354af4f620816ec8e6443077935d37d",
        "is_verified": false,
        "line_number": 959,
        "is_secret": false
      },
      {
        "type": "Hex High Entropy String",
        "filename": "eval/behavioral/cassettes/intent-classification.json",
        "hashed_secret": "b33434fdb97f191017ac820f7c6ead5d9facc62c",
        "is_verified": false,
        "line_number": 972,
        "is_secret": false
      },
      {
        "type": "Hex High Entropy String",
        "filename": "eval/behavioral/cassettes/intent-classification.json",
        "hashed_secret": "5f80c3ae0918130f684805341385d22fb636af77",
        "is_verified": false,
        "line_number": 985,
        "is_secret": false
      },
      {
        "type": "Hex High Entropy String",
        "filename": "eval/behavioral/cassettes/intent-classification.json",
        "hashed_secret": "45bcd97f1f66d86b9b3ffafe133a8d7775ad9899",
        "is_verified": false,
        "line_number": 998,
        "is_secret": false
      },
      {
        "type": "Hex High Entropy String",
        "filename": "eval/behavioral/cassettes/intent-classification.json",
        "hashed_secret": "d4a099170c39252aa69cacfe08cf2526e0f8c5e6",
        "is_verified": false,
        "line_number": 1011,
        "is_secret": false
      },
      {
        "type": "Hex High Entropy String",
        "filename": "eval/behavioral/cassettes/intent-classification.json",
        "hashed_secret": "7b3f94aa2a7eb87dc7981cb5fca94ba31101aaaf",
        "is_verified": false,
        "line_number": 1024,
        "is_secret": false
      },
      {
        "type": "Hex High Entropy String",
        "filename": "eval/behavioral/cassettes/intent-classification.json",
        "hashed_secret": "8fbce5170f0e8b3deeaacc6664204e25a9000c1f",
        "is_verified": false,
        "line_number": 1037,
        "is_secret": false
      },
      {
        "type": "Hex High Entropy String",
        "filename": "eval/behavioral/cassettes/intent-classification.json",
        "hashed_secret": "cd298aa4ea013ccc974f54ca155fd7f37ea2d3af",
        "is_verified": false,
        "line_number": 1050,
        "is_secret": false
      },
      {
        "type": "Hex High Entropy String",
        "filename": "eval/behavioral/cassettes/intent-classification.json",
        "hashed_secret": "0932c48eeb1165bf9210c30863b417981e6ebed6",
        "is_verified": false,
        "line_number": 1063,
        "is_secret": false
      },
      {
        "type": "Hex High Entropy String",
        "filename": "eval/behavioral/cassettes/intent-classification.json",
        "hashed_secret": "8c9e45db4074882d807b03fd17ad1d73951b1216",
        "is_verified": false,
        "line_number": 1076,
        "is_secret": false
      },
      {
        "type": "Hex High Entropy String",
        "filename": "eval/behavioral/cassettes/intent-classification.json",
        "hashed_secret": "d80bd3f8e7e61b0091b59bdeceea6bbe5cba6a2e",
        "is_verified": false,
        "line_number": 1089,
        "is_secret": false
      },
      {
        "type": "Hex High Entropy String",
        "filename": "eval/behavioral/cassettes/intent-classification.json",
        "hashed_secret": "3b5ef9882046d4cf658cb76dd01d55d6b30ee2f9",
        "is_verified": false,
        "line_number": 1102,
        "is_secret": false
      },
      {
        "type": "Hex High Entropy String",
        "filename": "eval/behavioral/cassettes/intent-classification.json",
        "hashed_secret": "bee62a32ee667b32d6e36a421616bd7a7a48be18",
        "is_verified": false,
        "line_number": 1115,
        "is_secret": false
      },
      {
        "type": "Hex High Entropy String",
        "filename": "eval/behavioral/cassettes/intent-classification.json",
        "hashed_secret": "b0ced761e06b0d9d08800549ea0f6b7489ec9376",
        "is_verified": false,
        "line_number": 1128,
        "is_secret": false
      },
      {
        "type": "Hex High Entropy String",
        "filename": "eval/behavioral/cassettes/intent-classification.json",
        "hashed_secret": "330333d925493db0116d90c32579efacee55fa4c",
        "is_verified": false,
        "line_number": 1141,
        "is_secret": false
      },
      {
        "type": "Hex High Entropy String",
        "filename": "eval/behavioral/cassettes/intent-classification.json",
        "hashed_secret": "7aa6cee1fd268aa55e1ef9903ba2dd81837b56de",
        "is_verified": false,
        "line_number": 1154,
        "is_secret": false
      },
      {
        "type": "Hex High Entropy String",
        "filename": "eval/behavioral/cassettes/intent-classification.json",
        "hashed_secret": "801a40bdf4833bd01717f5a37f3a536584b24b18",
        "is_verified": false,
        "line_number": 1167,
        "is_secret": false
      },
      {
        "type": "Hex High Entropy String",
        "filename": "eval/behavioral/cassettes/intent-classification.json",
        "hashed_secret": "1f8a8ce5461757d2587ef0c91fdb210bccc6a66d",
        "is_verified": false,
        "line_number": 1180,
        "is_secret": false
      },
      {
        "type": "Hex High Entropy String",
        "filename": "eval/behavioral/cassettes/intent-classification.json",
        "hashed_secret": "db74298beca8a3eba6f5813f2fae725cc34d4cca",
        "is_verified": false,
        "line_number": 1193,
        "is_secret": false
      },
      {
        "type": "Hex High Entropy String",
        "filename": "eval/behavioral/cassettes/intent-classification.json",
        "hashed_secret": "9a8ba0323d64fea77af0cd61d0155d344a7665dc",
        "is_verified": false,
        "line_number": 1206,
        "is_secret": false
      },
      {
        "type": "Hex High Entropy String",
        "filename": "eval/behavioral/cassettes/intent-classification.json",
        "hashed_secret": "ea0183c6ee0c4c9e6a47abe442fc187d09344bc5",
        "is_verified": false,
        "line_number": 1219,
        "is_secret": false
      },
      {
        "type": "Hex High Entropy String",
        "filename": "eval/behavioral/cassettes/intent-classification.json",
        "hashed_secret": "46f000a8e0546a79fe03c107587143e7e42e908d",
        "is_verified": false,
        "line_number": 1232,
        "is_secret": false
      },
      {
        "type": "Hex High Entropy String",
        "filename": "eval/behavioral/cassettes/intent-classification.json",
        "hashed_secret": "6314947b9dddf5271e501d92ab2aafe350bf2b12",
        "is_verified": false,
        "line_number": 1245,
        "is_secret": false
      },
      {
        "type": "Hex High Entropy String",
        "filename": "eval/behavioral/cassettes/intent-classification.json",
        "hashed_secret": "c96876fe98e85a2082240e10d73a9377088d607e",
        "is_verified": false,
        "line_number": 1258,
        "is_secret": false
      },
      {
        "type": "Hex High Entropy String",
        "filename": "eval/behavioral/cassettes/intent-classification.json",
        "hashed_secret": "2474105c9436768ce6a1b41b4b463ca9af4817b1",
        "is_verified": false,
        "line_number": 1271,
        "is_secret": false
      },
      {
        "type": "Hex High Entropy String",
        "filename": "eval/behavioral/cassettes/intent-classification.json",
        "hashed_secret": "f71b8ed3500fcdd8bf059c708e34c8fe29f4c82b",
        "is_verified": false,
        "line_number": 1284,
        "is_secret": false
      },
      {
        "type": "Hex High Entropy String",
        "filename": "eval/behavioral/cassettes/intent-classification.json",
        "hashed_secret": "d739dfed0961583a36c213caee3d7e14a7ff0ead",
        "is_verified": false,
        "line_number": 1297,
        "is_secret": false
      },
      {
        "type": "Hex High Entropy String",
        "filename": "eval/behavioral/cassettes/intent-classification.json",
        "hashed_secret": "5b4ffc2df47f8343e0bcbcabffe1461dbf988bff",
        "is_verified": false,
        "line_number": 1310,
        "is_secret": false
      },
      {
        "type": "Hex High Entropy String",
        "filename": "eval/behavioral/cassettes/intent-classification.json",
        "hashed_secret": "f0451630b4f4c96308084fb2d3708e940d533030",
        "is_verified": false,
        "line_number": 1323,
        "is_secret": false
      },
      {
        "type": "Hex High Entropy String",
        "filename": "eval/behavioral/cassettes/intent-classification.json",
        "hashed_secret": "3a6d21f4becfd9eef3c47c525394e20ff0da9012",
        "is_verified": false,
        "line_number": 1336,
        "is_secret": false
      },
      {
        "type": "Hex High Entropy String",
        "filename": "eval/behavioral/cassettes/intent-classification.json",
        "hashed_secret": "b7fa5c95b2ca9927e41c6e0c58f7d75cf67cf1b7",
        "is_verified": false,
        "line_number": 1349,
        "is_secret": false
      },
      {
        "type": "Hex High Entropy String",
        "filename": "eval/behavioral/cassettes/intent-classification.json",
        "hashed_secret": "4c2c59c396c64979bf6fade26fa0803e74ec1978",
        "is_verified": false,
        "line_number": 1362,
        "is_secret": false
      },
      {
        "type": "Hex High Entropy String",
        "filename": "eval/behavioral/cassettes/intent-classification.json",
        "hashed_secret": "ddba7491836ac2fdbdc98467b27c94f3d898f895",
        "is_verified": false,
        "line_number": 1375,
        "is_secret": false
      },
      {
        "type": "Hex High Entropy String",
        "filename": "eval/behavioral/cassettes/intent-classification.json",
        "hashed_secret": "927ce49f86b2b32e05f20491113d1d0aa6e44aee",
        "is_verified": false,
        "line_number": 1388,
        "is_secret": false
      },
      {
        "type": "Hex High Entropy String",
        "filename": "eval/behavioral/cassettes/intent-classification.json",
        "hashed_secret": "e2d8405097a6196e00799064dde816dd4965d0e2",
        "is_verified": false,
        "line_number": 1401,
        "is_secret": false
      },
      {
        "type": "Hex High Entropy String",
        "filename": "eval/behavioral/cassettes/intent-classification.json",
        "hashed_secret": "23e8055b8e586cb972f29fdeb95c2656efc9a694",
        "is_verified": false,
        "line_number": 1414,
        "is_secret": false
      },
      {
        "type": "Hex High Entropy String",
        "filename": "eval/behavioral/cassettes/intent-classification.json",
        "hashed_secret": "44d3246c17a6f0005abbdca11202de10781bfb18",
        "is_verified": false,
        "line_number": 1427,
        "is_secret": false
      },
      {
        "type": "Hex High Entropy String",
        "filename": "eval/behavioral/cassettes/intent-classification.json",
        "hashed_secret": "b05f2c407897b291aa3e8744ec41ed85fee8c949",
        "is_verified": false,
        "line_number": 1440,
        "is_secret": false
      },
      {
        "type": "Hex High Entropy String",
        "filename": "eval/behavioral/cassettes/intent-classification.json",
        "hashed_secret": "4d4d661846f690486f6f22e28456153856c36a26",
        "is_verified": false,
        "line_number": 1453,
        "is_secret": false
      },
      {
        "type": "Hex High Entropy String",
        "filename": "eval/behavioral/cassettes/intent-classification.json",
        "hashed_secret": "67327eb0edd1744a9faf9b1d50e8871a3ddf5981",
        "is_verified": false,
        "line_number": 1466,
        "is_secret": false
      },
      {
        "type": "Hex High Entropy String",
        "filename": "eval/behavioral/cassettes/intent-classification.json",
        "hashed_secret": "9c2729173446ac78a83a5376a507bab604f23563",
        "is_verified": false,
        "line_number": 1479,
        "is_secret": false
      },
      {
        "type": "Hex High Entropy String",
        "filename": "eval/behavioral/cassettes/intent-classification.json",
        "hashed_secret": "50dbd82f12ca8d3c798eab66ed286495089648d4",
        "is_verified": false,
        "line_number": 1492,
        "is_secret": false
      },
      {
        "type": "Hex High Entropy String",
        "filename": "eval/behavioral/cassettes/intent-classification.json",
        "hashed_secret": "66f19dd3cdf5e0a85b88232c16a82f23367337f9",
        "is_verified": false,
        "line_number": 1505,
        "is_secret": false
      },
      {
        "type": "Hex High Entropy String",
        "filename": "eval/behavioral/cassettes/intent-classification.json",
        "hashed_secret": "50b83508ef9cfb6608caf947f1b6832ccfcbe703",
        "is_verified": false,
        "line_number": 1518,
        "is_secret": false
      },
      {
        "type": "Hex High Entropy String",
        "filename": "eval/behavioral/cassettes/intent-classification.json",
        "hashed_secret": "1523a84fb9b8ac02b5d61d3767363316a3a4c68f",
        "is_verified": false,
        "line_number": 1531,
        "is_secret": false
      },
      {
        "type": "Hex High Entropy String",
        "filename": "eval/behavioral/cassettes/intent-classification.json",
        "hashed_secret": "ceefaa82065088187cf033a0e2416793b7a14629",
        "is_verified": false,
        "line_number": 1544,
        "is_secret": false
      },
      {
        "type": "Hex High Entropy String",
        "filename": "eval/behavioral/cassettes/intent-classification.json",
        "hashed_secret": "7e6177522fe77321c2f63b40ee91768ef7f53fa9",
        "is_verified": false,
        "line_number": 1557,
        "is_secret": false
      }
    ],
    "eval/behavioral/cassettes/reminder-extraction.json": [
      {
        "type": "Hex High Entropy String",
        "filename": "eval/behavioral/cassettes/reminder-extraction.json",
        "hashed_secret": "ad71c47fc866405534e6b4c7663785af938ae362",
        "is_verified": false,
        "line_number": 10,
        "is_secret": false
      },
      {
        "type": "Hex High Entropy String",
        "filename": "eval/behavioral/cassettes/reminder-extraction.json",
        "hashed_secret": "003bd56e2d3c6e699c83564e680d47e65a71b8b9",
        "is_verified": false,
        "line_number": 24,
        "is_secret": false
      },
      {
        "type": "Hex High Entropy String",
        "filename": "eval/behavioral/cassettes/reminder-extraction.json",
        "hashed_secret": "0dea774af4c8908abf8eca67e9d0472423e698fd",
        "is_verified": false,
        "line_number": 37,
        "is_secret": false
      },
      {
        "type": "Hex High Entropy String",
        "filename": "eval/behavioral/cassettes/reminder-extraction.json",
        "hashed_secret": "cdb5d3af3408cfd7b0ab02cc9c45f418e5214a6a",
        "is_verified": false,
        "line_number": 50,
        "is_secret": false
      },
      {
        "type": "Hex High Entropy String",
        "filename": "eval/behavioral/cassettes/reminder-extraction.json",
        "hashed_secret": "90dce0158038a423801f3468537d55f4927e18c9",
        "is_verified": false,
        "line_number": 63,
        "is_secret": false
      },
      {
        "type": "Hex High Entropy String",
        "filename": "eval/behavioral/cassettes/reminder-extraction.json",
        "hashed_secret": "97141422d108a926543201c6cbe38a15328bdb01",
        "is_verified": false,
        "line_number": 76,
        "is_secret": false
      },
      {
        "type": "Hex High Entropy String",
        "filename": "eval/behavioral/cassettes/reminder-extraction.json",
        "hashed_secret": "3a7cee6e93e6251f2cfb208f7c5fa556b0cfb1b9",
        "is_verified": false,
        "line_number": 89,
        "is_secret": false
      },
      {
        "type": "Hex High Entropy String",
        "filename": "eval/behavioral/cassettes/reminder-extraction.json",
        "hashed_secret": "7798481af53fe9c1611c47d1033cb988e434b14b",
        "is_verified": false,
        "line_number": 101,
        "is_secret": false
      },
      {
        "type": "Hex High Entropy String",
        "filename": "eval/behavioral/cassettes/reminder-extraction.json",
        "hashed_secret": "7756673beaf879fd9b77aeea8d11db0398ec33f9",
        "is_verified": false,
        "line_number": 114,
        "is_secret": false
      },
      {
        "type": "Hex High Entropy String",
        "filename": "eval/behavioral/cassettes/reminder-extraction.json",
        "hashed_secret": "6b39d9798c764c49f4f03ebe18744bf6cdf03074",
        "is_verified": false,
        "line_number": 128,
        "is_secret": false
      },
      {
        "type": "Hex High Entropy String",
        "filename": "eval/behavioral/cassettes/reminder-extraction.json",
        "hashed_secret": "46e14c127e73ad69bcd108720c851a2f14636813",
        "is_verified": false,
        "line_number": 141,
        "is_secret": false
      },
      {
        "type": "Hex High Entropy String",
        "filename": "eval/behavioral/cassettes/reminder-extraction.json",
        "hashed_secret": "5d7818a893a25779945e6a7f5dab4ffd2dcedfb3",
        "is_verified": false,
        "line_number": 154,
        "is_secret": false
      },
      {
        "type": "Hex High Entropy String",
        "filename": "eval/behavioral/cassettes/reminder-extraction.json",
        "hashed_secret": "b740b11403456e010b9275ce3c7283c2b1abcc0a",
        "is_verified": false,
        "line_number": 167,
        "is_secret": false
      },
      {
        "type": "Hex High Entropy String",
        "filename": "eval/behavioral/cassettes/reminder-extraction.json",
        "hashed_secret": "8602b6aacbb2a4fdd6df2c296d11cb4a7cedb68b",
        "is_verified": false,
        "line_number": 180,
        "is_secret": false
      },
      {
        "type": "Hex High Entropy String",
        "filename": "eval/behavioral/cassettes/reminder-extraction.json",
        "hashed_secret": "836e578606c52a2b6342f1e454fdd3d39b69b257",
        "is_verified": false,
        "line_number": 194,
        "is_secret": false
      },
      {
        "type": "Hex High Entropy String",
        "filename": "eval/behavioral/cassettes/reminder-extraction.json",
        "hashed_secret": "9510194c5ce7cfb28d5fd63ebe1192712e8fefa2",
        "is_verified": false,
        "line_number": 207,
        "is_secret": false
      },
      {
        "type": "Hex High Entropy String",
        "filename": "eval/behavioral/cassettes/reminder-extraction.json",
        "hashed_secret": "fd5c042441237fd727a20446e6f44603cdbbcc37",
        "is_verified": false,
        "line_number": 220,
        "is_secret": false
      },
      {
        "type": "Hex High Entropy String",
        "filename": "eval/behavioral/cassettes/reminder-extraction.json",
        "hashed_secret": "de3fa5b0208051eed761227f97c2c5138bb9b45d",
        "is_verified": false,
        "line_number": 234,
        "is_secret": false
      },
      {
        "type": "Hex High Entropy String",
        "filename": "eval/behavioral/cassettes/reminder-extraction.json",
        "hashed_secret": "2cc5195c65a69fdbc5b97201126f9a1f8a8b33b0",
        "is_verified": false,
        "line_number": 248,
        "is_secret": false
      },
      {
        "type": "Hex High Entropy String",
        "filename": "eval/behavioral/cassettes/reminder-extraction.json",
        "hashed_secret": "ed301f5b5446875709a983582c723e30ed1764d8",
        "is_verified": false,
        "line_number": 260,
        "is_secret": false
      },
      {
        "type": "Hex High Entropy String",
        "filename": "eval/behavioral/cassettes/reminder-extraction.json",
        "hashed_secret": "28120ef0d2e6fdbe6765547eaa122d758c358efa",
        "is_verified": false,
        "line_number": 272,
        "is_secret": false
      },
      {
        "type": "Hex High Entropy String",
        "filename": "eval/behavioral/cassettes/reminder-extraction.json",
        "hashed_secret": "0874333b01bae58d48afcc461e16bf120eb1727c",
        "is_verified": false,
        "line_number": 285,
        "is_secret": false
      },
      {
        "type": "Hex High Entropy String",
        "filename": "eval/behavioral/cassettes/reminder-extraction.json",
        "hashed_secret": "f3bdbe3a54e7644961120939cd916ce4a3e8f27f",
        "is_verified": false,
        "line_number": 298,
        "is_secret": false
      },
      {
        "type": "Hex High Entropy String",
        "filename": "eval/behavioral/cassettes/reminder-extraction.json",
        "hashed_secret": "27db9a76b136a5a0806510e75f5a58a7e6d3709e",
        "is_verified": false,
        "line_number": 312,
        "is_secret": false
      },
      {
        "type": "Hex High Entropy String",
        "filename": "eval/behavioral/cassettes/reminder-extraction.json",
        "hashed_secret": "653f60fe38ed492ca372739a8902f6da5e91c0d8",
        "is_verified": false,
        "line_number": 326,
        "is_secret": false
      },
      {
        "type": "Hex High Entropy String",
        "filename": "eval/behavioral/cassettes/reminder-extraction.json",
        "hashed_secret": "7dc45430cd9d15066f5e4fe92b220c2b6eec269b",
        "is_verified": false,
        "line_number": 338,
        "is_secret": false
      },
      {
        "type": "Hex High Entropy String",
        "filename": "eval/behavioral/cassettes/reminder-extraction.json",
        "hashed_secret": "6120250f4198fbf35d83c4b7facedfa243c8c89b",
        "is_verified": false,
        "line_number": 352,
        "is_secret": false
      },
      {
        "type": "Hex High Entropy String",
        "filename": "eval/behavioral/cassettes/reminder-extraction.json",
        "hashed_secret": "89e6539286c24c2cbf18a956e33706a22e9c1dbb",
        "is_verified": false,
        "line_number": 364,
        "is_secret": false
      },
      {
        "type": "Hex High Entropy String",
        "filename": "eval/behavioral/cassettes/reminder-extraction.json",
        "hashed_secret": "fec0e267cde3e17ac4116d8cca554348b6e31534",
        "is_verified": false,
        "line_number": 377,
        "is_secret": false
      },
      {
        "type": "Hex High Entropy String",
        "filename": "eval/behavioral/cassettes/reminder-extraction.json",
        "hashed_secret": "5783c8042b782146f031a94a56396c96c590c8d7",
        "is_verified": false,
        "line_number": 389,
        "is_secret": false
      },
      {
        "type": "Hex High Entropy String",
        "filename": "eval/behavioral/cassettes/reminder-extraction.json",
        "hashed_secret": "f2da79ec0b6e0d624e5653098e04017af10021fb",
        "is_verified": false,
        "line_number": 403,
        "is_secret": false
      },
      {
        "type": "Hex High Entropy String",
        "filename": "eval/behavioral/cassettes/reminder-extraction.json",
        "hashed_secret": "a89eec39f099cc867bc72864ea6af4de2ecaaa52",
        "is_verified": false,
        "line_number": 417,
        "is_secret": false
      },
      {
        "type": "Hex High Entropy String",
        "filename": "eval/behavioral/cassettes/reminder-extraction.json",
        "hashed_secret": "6ffc55d070ab9e7e240a2cadacca82d80eb5c643",
        "is_verified": false,
        "line_number": 431,
        "is_secret": false
      },
      {
        "type": "Hex High Entropy String",
        "filename": "eval/behavioral/cassettes/reminder-extraction.json",
        "hashed_secret": "230e4eea70b31f3f7bea7fc4ee58a45dea51b339",
        "is_verified": false,
        "line_number": 443,
        "is_secret": false
      },
      {
        "type": "Hex High Entropy String",
        "filename": "eval/behavioral/cassettes/reminder-extraction.json",
        "hashed_secret": "69bc5d348148e087c5a750858a30ec8ba39dbc9c",
        "is_verified": false,
        "line_number": 456,
        "is_secret": false
      },
      {
        "type": "Hex High Entropy String",
        "filename": "eval/behavioral/cassettes/reminder-extraction.json",
        "hashed_secret": "8e0668eef78491874cb9d56e97ae940aa8efdcaf",
        "is_verified": false,
        "line_number": 470,
        "is_secret": false
      },
      {
        "type": "Hex High Entropy String",
        "filename": "eval/behavioral/cassettes/reminder-extraction.json",
        "hashed_secret": "717e69f43c7b0236c6c25080014933cf00ddfa6c",
        "is_verified": false,
        "line_number": 483,
        "is_secret": false
      },
      {
        "type": "Hex High Entropy String",
        "filename": "eval/behavioral/cassettes/reminder-extraction.json",
        "hashed_secret": "2ea5060573ca6903ab4579dbe45b9ebc7f2feda6",
        "is_verified": false,
        "line_number": 495,
        "is_secret": false
      },
      {
        "type": "Hex High Entropy String",
        "filename": "eval/behavioral/cassettes/reminder-extraction.json",
        "hashed_secret": "6ae76919fc50af12bf5906b2ba9df629727f8eca",
        "is_verified": false,
        "line_number": 509,
        "is_secret": false
      },
      {
        "type": "Hex High Entropy String",
        "filename": "eval/behavioral/cassettes/reminder-extraction.json",
        "hashed_secret": "bdb670028bef1c9d18d40006bd68e82d8a328f26",
        "is_verified": false,
        "line_number": 522,
        "is_secret": false
      },
      {
        "type": "Hex High Entropy String",
        "filename": "eval/behavioral/cassettes/reminder-extraction.json",
        "hashed_secret": "acf5523cd23883ba8979fb5573455c87a26cd4ad",
        "is_verified": false,
        "line_number": 534,
        "is_secret": false
      },
      {
        "type": "Hex High Entropy String",
        "filename": "eval/behavioral/cassettes/reminder-extraction.json",
        "hashed_secret": "8df7cefff561c6a1cb9258354b6eb8582208a60d",
        "is_verified": false,
        "line_number": 546,
        "is_secret": false
      },
      {
        "type": "Hex High Entropy String",
        "filename": "eval/behavioral/cassettes/reminder-extraction.json",
        "hashed_secret": "679a22fd8e7a831e157ae27c7d58294718f37c9f",
        "is_verified": false,
        "line_number": 559,
        "is_secret": false
      },
      {
        "type": "Hex High Entropy String",
        "filename": "eval/behavioral/cassettes/reminder-extraction.json",
        "hashed_secret": "05c7495a52a050eb8f415645c7fbe186e41f80a1",
        "is_verified": false,
        "line_number": 572,
        "is_secret": false
      },
      {
        "type": "Hex High Entropy String",
        "filename": "eval/behavioral/cassettes/reminder-extraction.json",
        "hashed_secret": "5a6facdda24e60b133c6b269bc0aaf8e06b40abd",
        "is_verified": false,
        "line_number": 584,
        "is_secret": false
      },
      {
        "type": "Hex High Entropy String",
        "filename": "eval/behavioral/cassettes/reminder-extraction.json",
        "hashed_secret": "eb2d2322c44a9c500981bafd5423d053fcc89a7c",
        "is_verified": false,
        "line_number": 597,
        "is_secret": false
      },
      {
        "type": "Hex High Entropy String",
        "filename": "eval/behavioral/cassettes/reminder-extraction.json",
        "hashed_secret": "5f013a05b26e5d0cf441ff43eb32c204ba64af63",
        "is_verified": false,
        "line_number": 611,
        "is_secret": false
      },
      {
        "type": "Hex High Entropy String",
        "filename": "eval/behavioral/cassettes/reminder-extraction.json",
        "hashed_secret": "eac780aae5526f3f4494f02a4fa8fb898b50b25a",
        "is_verified": false,
        "line_number": 624,
        "is_secret": false
      },
      {
        "type": "Hex High Entropy String",
        "filename": "eval/behavioral/cassettes/reminder-extraction.json",
        "hashed_secret": "ffdeca19006d57c7d43d8ce0731e0f060a866e38",
        "is_verified": false,
        "line_number": 637,
        "is_secret": false
      },
      {
        "type": "Hex High Entropy String",
        "filename": "eval/behavioral/cassettes/reminder-extraction.json",
        "hashed_secret": "408569c65fed1f85d3fc7d37961334b8ea45449f",
        "is_verified": false,
        "line_number": 650,
        "is_secret": false
      },
      {
        "type": "Hex High Entropy String",
        "filename": "eval/behavioral/cassettes/reminder-extraction.json",
        "hashed_secret": "4b47d5b44459dfe2282a60d3173f218b4ed0d380",
        "is_verified": false,
        "line_number": 663,
        "is_secret": false
      },
      {
        "type": "Hex High Entropy String",
        "filename": "eval/behavioral/cassettes/reminder-extraction.json",
        "hashed_secret": "79b39fed8a73909fc16a6e11c5d116cb6712fd08",
        "is_verified": false,
        "line_number": 675,
        "is_secret": false
      },
      {
        "type": "Hex High Entropy String",
        "filename": "eval/behavioral/cassettes/reminder-extraction.json",
        "hashed_secret": "25d1e2b1eed9a2a6eeed8627641b36b519402fcf",
        "is_verified": false,
        "line_number": 688,
        "is_secret": false
      },
      {
        "type": "Hex High Entropy String",
        "filename": "eval/behavioral/cassettes/reminder-extraction.json",
        "hashed_secret": "f0ff934699c1a11e6c2ec65b2204dad83fd739b2",
        "is_verified": false,
        "line_number": 702,
        "is_secret": false
      },
      {
        "type": "Hex High Entropy String",
        "filename": "eval/behavioral/cassettes/reminder-extraction.json",
        "hashed_secret": "80ae3abc607fa79a265caa40902b56dbad73e065",
        "is_verified": false,
        "line_number": 715,
        "is_secret": false
      },
      {
        "type": "Hex High Entropy String",
        "filename": "eval/behavioral/cassettes/reminder-extraction.json",
        "hashed_secret": "ac19b73bb927b1c6ffa57f55ed165338e5c1d363",
        "is_verified": false,
        "line_number": 728,
        "is_secret": false
      },
      {
        "type": "Hex High Entropy String",
        "filename": "eval/behavioral/cassettes/reminder-extraction.json",
        "hashed_secret": "a96115489d05ed36edd5f74012304b263ea22c52",
        "is_verified": false,
        "line_number": 741,
        "is_secret": false
      },
      {
        "type": "Hex High Entropy String",
        "filename": "eval/behavioral/cassettes/reminder-extraction.json",
        "hashed_secret": "8d672feb2aa3f53c4d277496c27d1e66045a20d8",
        "is_verified": false,
        "line_number": 755,
        "is_secret": false
      },
      {
        "type": "Hex High Entropy String",
        "filename": "eval/behavioral/cassettes/reminder-extraction.json",
        "hashed_secret": "e0d8e203cd7d31061780ec883328eceb84502c0d",
        "is_verified": false,
        "line_number": 768,
        "is_secret": false
      },
      {
        "type": "Hex High Entropy String",
        "filename": "eval/behavioral/cassettes/reminder-extraction.json",
        "hashed_secret": "df4bfbda23aa7b75494259b7926c32103dae2ee0",
        "is_verified": false,
        "line_number": 780,
        "is_secret": false
      },
      {
        "type": "Hex High Entropy String",
        "filename": "eval/behavioral/cassettes/reminder-extraction.json",
        "hashed_secret": "112ff9e571ff11d21cee6ed0e394a9480d639d43",
        "is_verified": false,
        "line_number": 792,
        "is_secret": false
      },
      {
        "type": "Hex High Entropy String",
        "filename": "eval/behavioral/cassettes/reminder-extraction.json",
        "hashed_secret": "7a2bf04d79843f224b8c03a1128cd8caab5e46f0",
        "is_verified": false,
        "line_number": 805,
        "is_secret": false
      },
      {
        "type": "Hex High Entropy String",
        "filename": "eval/behavioral/cassettes/reminder-extraction.json",
        "hashed_secret": "f2a7e6579130ad4e46ea3839570b232a8593ac69",
        "is_verified": false,
        "line_number": 817,
        "is_secret": false
      },
      {
        "type": "Hex High Entropy String",
        "filename": "eval/behavioral/cassettes/reminder-extraction.json",
        "hashed_secret": "3e73545eaee80976a3bb0c8a96f345c8967e192d",
        "is_verified": false,
        "line_number": 829,
        "is_secret": false
      },
      {
        "type": "Hex High Entropy String",
        "filename": "eval/behavioral/cassettes/reminder-extraction.json",
        "hashed_secret": "5c29e56ad22244a64f75ffdca16497ebc92dab2e",
        "is_verified": false,
        "line_number": 842,
        "is_secret": false
      },
      {
        "type": "Hex High Entropy String",
        "filename": "eval/behavioral/cassettes/reminder-extraction.json",
        "hashed_secret": "d42ed6cf5a9e194dfaf23ec36291a9810f96b046",
        "is_verified": false,
        "line_number": 855,
        "is_secret": false
      },
      {
        "type": "Hex High Entropy String",
        "filename": "eval/behavioral/cassettes/reminder-extraction.json",
        "hashed_secret": "78db58cdaf8bc21d40dc7248c878e53dd4ad4b70",
        "is_verified": false,
        "line_number": 869,
        "is_secret": false
      },
      {
        "type": "Hex High Entropy String",
        "filename": "eval/behavioral/cassettes/reminder-extraction.json",
        "hashed_secret": "c9c3193153a7ee0c276ef9635682db1d981bf6e0",
        "is_verified": false,
        "line_number": 883,
        "is_secret": false
      }
    ],
    "eval/cases/suite.json": [
      {
        "type": "Hex High Entropy String",
        "filename": "eval/cases/suite.json",
        "hashed_secret": "a63ff84ff786cccac5c55e8530a9444aeebe9e28",
        "is_verified": false,
        "line_number": 16,
        "is_secret": false
      }
    ],
    "src/personal_assistant/evals/executors/egress_allowlist_v1.py": [
      {
        "type": "Secret Keyword",
        "filename": "src/personal_assistant/evals/executors/egress_allowlist_v1.py",
        "hashed_secret": "e94f5acd9cde30f16506cac9daad9b18ddf148e3",
        "is_verified": false,
        "line_number": 116,
        "is_secret": false
      }
    ],
    "src/personal_assistant/evals/executors/reminder_idempotency_v2.py": [
      {
        "type": "Secret Keyword",
        "filename": "src/personal_assistant/evals/executors/reminder_idempotency_v2.py",
        "hashed_secret": "eb0e83745aeb68e144a90804f35614d23ecfb9a3",
        "is_verified": false,
        "line_number": 230,
        "is_secret": false
      }
    ],
    "src/personal_assistant/evals/executors/security_boundary_v1.py": [
      {
        "type": "Secret Keyword",
        "filename": "src/personal_assistant/evals/executors/security_boundary_v1.py",
        "hashed_secret": "c1e1b7e6b1602021868c178f6af86b4284ce910c",
        "is_verified": false,
        "line_number": 23,
        "is_secret": false
      }
    ]
  },
  "generated_at": "2026-08-13T15:37:20Z"
}
